// Jest Snapshot v1, https://goo.gl/fbAQLP

exports[`change migration postgres can run createTable up and down 1`] = `
Array [
  Object {
    "character_maximum_length": null,
    "column_default": "nextval('users_id_seq'::regclass)",
    "column_name": "id",
    "data_type": "bigint",
    "is_generated": "NEVER",
    "is_nullable": "NO",
    "is_updatable": "YES",
    "table_name": "users",
  },
  Object {
    "character_maximum_length": 255,
    "column_default": null,
    "column_name": "firstname",
    "data_type": "character varying",
    "is_generated": "NEVER",
    "is_nullable": "YES",
    "is_updatable": "YES",
    "table_name": "users",
  },
  Object {
    "character_maximum_length": 255,
    "column_default": null,
    "column_name": "lastname",
    "data_type": "character varying",
    "is_generated": "NEVER",
    "is_nullable": "YES",
    "is_updatable": "YES",
    "table_name": "users",
  },
  Object {
    "character_maximum_length": null,
    "column_default": null,
    "column_name": "unbounded",
    "data_type": "character varying",
    "is_generated": "NEVER",
    "is_nullable": "YES",
    "is_updatable": "YES",
    "table_name": "users",
  },
  Object {
    "character_maximum_length": 255,
    "column_default": null,
    "column_name": "email",
    "data_type": "character varying",
    "is_generated": "NEVER",
    "is_nullable": "YES",
    "is_updatable": "YES",
    "table_name": "users",
  },
]
`;
